Using worker: worker-linux-docker-f4ad650c.prod.travis-ci.org:travis-linux-9

travis_fold:start:system_info[0K[33;1mBuild system information[0m
Build language: python
Build group: stable
Build dist: precise
[34m[1mBuild image provisioning date and time[0m
Thu Feb  5 15:09:33 UTC 2015
[34m[1mOperating System Details[0m
Distributor ID:	Ubuntu
Description:	Ubuntu 12.04.5 LTS
Release:	12.04
Codename:	precise
[34m[1mLinux Version[0m
3.13.0-29-generic
[34m[1mCookbooks Version[0m
a68419e https://github.com/travis-ci/travis-cookbooks/tree/a68419e
[34m[1mGCC version[0m
gcc (Ubuntu/Linaro 4.6.3-1ubuntu5) 4.6.3
Copyright (C) 2011 Free Software Foundation, Inc.
This is free software; see the source for copying conditions.  There is NO
warranty; not even for MERCHANTABILITY or FITNESS FOR A PARTICULAR PURPOSE.

[34m[1mLLVM version[0m
clang version 3.4 (tags/RELEASE_34/final)
Target: x86_64-unknown-linux-gnu
Thread model: posix
[34m[1mPre-installed Ruby versions[0m
ruby-1.9.3-p551
[34m[1mPre-installed Node.js versions[0m
v0.10.36
[34m[1mPre-installed Go versions[0m
1.4.1
[34m[1mRedis version[0m
redis-server 2.8.19
[34m[1mriak version[0m
2.0.2
[34m[1mMongoDB version[0m
MongoDB 2.4.12
[34m[1mCouchDB version[0m
couchdb 1.6.1
[34m[1mNeo4j version[0m
1.9.4
[34m[1mRabbitMQ Version[0m
3.4.3
[34m[1mElasticSearch version[0m
1.4.0
[34m[1mInstalled Sphinx versions[0m
2.0.10
2.1.9
2.2.6
[34m[1mDefault Sphinx version[0m
2.2.6
[34m[1mInstalled Firefox version[0m
firefox 31.0esr
[34m[1mPhantomJS version[0m
1.9.8
[34m[1mant -version[0m
Apache Ant(TM) version 1.8.2 compiled on December 3 2011
[34m[1mmvn -version[0m
Apache Maven 3.2.5 (12a6b3acb947671f09b81f49094c53f426d8cea1; 2014-12-14T17:29:23+00:00)
Maven home: /usr/local/maven
Java version: 1.7.0_76, vendor: Oracle Corporation
Java home: /usr/lib/jvm/java-7-oracle/jre
Default locale: en_US, platform encoding: ANSI_X3.4-1968
OS name: "linux", version: "3.13.0-29-generic", arch: "amd64", family: "unix"
travis_fold:end:system_info[0K
travis_fold:start:fix.CVE-2015-7547[0K$ export DEBIAN_FRONTEND=noninteractive
W: Size of file /var/lib/apt/lists/us.archive.ubuntu.com_ubuntu_dists_precise-backports_multiverse_source_Sources.gz is not what the server reported 5886 5888
W: Size of file /var/lib/apt/lists/ppa.launchpad.net_ubuntugis_ppa_ubuntu_dists_precise_main_binary-amd64_Packages.gz is not what the server reported 36669 36677
W: Size of file /var/lib/apt/lists/ppa.launchpad.net_ubuntugis_ppa_ubuntu_dists_precise_main_binary-i386_Packages.gz is not what the server reported 36729 36733
Reading package lists...
Building dependency tree...
Reading state information...
The following extra packages will be installed:
  libc-bin libc-dev-bin libc6-dev
Suggested packages:
  glibc-doc
The following packages will be upgraded:
  libc-bin libc-dev-bin libc6 libc6-dev
4 upgraded, 0 newly installed, 0 to remove and 226 not upgraded.
Need to get 8,840 kB of archives.
After this operation, 14.3 kB disk space will be freed.
Get:1 http://us.archive.ubuntu.com/ubuntu/ precise-updates/main libc6-dev amd64 2.15-0ubuntu10.15 [2,943 kB]
Get:2 http://us.archive.ubuntu.com/ubuntu/ precise-updates/main libc-dev-bin amd64 2.15-0ubuntu10.15 [84.7 kB]
Get:3 http://us.archive.ubuntu.com/ubuntu/ precise-updates/main libc-bin amd64 2.15-0ubuntu10.15 [1,177 kB]
Get:4 http://us.archive.ubuntu.com/ubuntu/ precise-updates/main libc6 amd64 2.15-0ubuntu10.15 [4,636 kB]
Fetched 8,840 kB in 0s (18.2 MB/s)
Preconfiguring packages ...
(Reading database ... (Reading database ... 5%(Reading database ... 10%(Reading database ... 15%(Reading database ... 20%(Reading database ... 25%(Reading database ... 30%(Reading database ... 35%(Reading database ... 40%(Reading database ... 45%(Reading database ... 50%(Reading database ... 55%(Reading database ... 60%(Reading database ... 65%(Reading database ... 70%(Reading database ... 75%(Reading database ... 80%(Reading database ... 85%(Reading database ... 90%(Reading database ... 95%(Reading database ... 100%(Reading database ... 72431 files and directories currently installed.)
Preparing to replace libc6-dev 2.15-0ubuntu10.10 (using .../libc6-dev_2.15-0ubuntu10.15_amd64.deb) ...
Unpacking replacement libc6-dev ...
Preparing to replace libc-dev-bin 2.15-0ubuntu10.10 (using .../libc-dev-bin_2.15-0ubuntu10.15_amd64.deb) ...
Unpacking replacement libc-dev-bin ...
Preparing to replace libc-bin 2.15-0ubuntu10.10 (using .../libc-bin_2.15-0ubuntu10.15_amd64.deb) ...
Unpacking replacement libc-bin ...
Processing triggers for man-db ...
Setting up libc-bin (2.15-0ubuntu10.15) ...
(Reading database ... (Reading database ... 5%(Reading database ... 10%(Reading database ... 15%(Reading database ... 20%(Reading database ... 25%(Reading database ... 30%(Reading database ... 35%(Reading database ... 40%(Reading database ... 45%(Reading database ... 50%(Reading database ... 55%(Reading database ... 60%(Reading database ... 65%(Reading database ... 70%(Reading database ... 75%(Reading database ... 80%(Reading database ... 85%(Reading database ... 90%(Reading database ... 95%(Reading database ... 100%(Reading database ... 72430 files and directories currently installed.)
Preparing to replace libc6 2.15-0ubuntu10.10 (using .../libc6_2.15-0ubuntu10.15_amd64.deb) ...
Unpacking replacement libc6 ...
Setting up libc6 (2.15-0ubuntu10.15) ...
Setting up libc-dev-bin (2.15-0ubuntu10.15) ...
Setting up libc6-dev (2.15-0ubuntu10.15) ...
Processing triggers for libc-bin ...
ldconfig deferred processing now taking place
travis_fold:end:fix.CVE-2015-7547[0Ktravis_fold:start:git.checkout[0Ktravis_time:start:04d8f540[0K$ git clone --depth=50 --branch=master https://github.com/hivesolutions/appier.git hivesolutions/appier
Cloning into 'hivesolutions/appier'...
remote: Counting objects: 385, done.[K
remote: Compressing objects:   0% (1/221)   [Kremote: Compressing objects:   1% (3/221)   [Kremote: Compressing objects:   2% (5/221)   [Kremote: Compressing objects:   3% (7/221)   [Kremote: Compressing objects:   4% (9/221)   [Kremote: Compressing objects:   5% (12/221)   [Kremote: Compressing objects:   6% (14/221)   [Kremote: Compressing objects:   7% (16/221)   [Kremote: Compressing objects:   8% (18/221)   [Kremote: Compressing objects:   9% (20/221)   [Kremote: Compressing objects:  10% (23/221)   [Kremote: Compressing objects:  11% (25/221)   [Kremote: Compressing objects:  12% (27/221)   [Kremote: Compressing objects:  13% (29/221)   [Kremote: Compressing objects:  14% (31/221)   [Kremote: Compressing objects:  15% (34/221)   [Kremote: Compressing objects:  16% (36/221)   [Kremote: Compressing objects:  17% (38/221)   [Kremote: Compressing objects:  18% (40/221)   [Kremote: Compressing objects:  19% (42/221)   [Kremote: Compressing objects:  20% (45/221)   [Kremote: Compressing objects:  21% (47/221)   [Kremote: Compressing objects:  22% (49/221)   [Kremote: Compressing objects:  23% (51/221)   [Kremote: Compressing objects:  24% (54/221)   [Kremote: Compressing objects:  25% (56/221)   [Kremote: Compressing objects:  26% (58/221)   [Kremote: Compressing objects:  27% (60/221)   [Kremote: Compressing objects:  28% (62/221)   [Kremote: Compressing objects:  29% (65/221)   [Kremote: Compressing objects:  30% (67/221)   [Kremote: Compressing objects:  31% (69/221)   [Kremote: Compressing objects:  32% (71/221)   [Kremote: Compressing objects:  33% (73/221)   [Kremote: Compressing objects:  34% (76/221)   [Kremote: Compressing objects:  35% (78/221)   [Kremote: Compressing objects:  36% (80/221)   [Kremote: Compressing objects:  37% (82/221)   [Kremote: Compressing objects:  38% (84/221)   [Kremote: Compressing objects:  39% (87/221)   [Kremote: Compressing objects:  40% (89/221)   [Kremote: Compressing objects:  41% (91/221)   [Kremote: Compressing objects:  42% (93/221)   [Kremote: Compressing objects:  43% (96/221)   [Kremote: Compressing objects:  44% (98/221)   [Kremote: Compressing objects:  45% (100/221)   [Kremote: Compressing objects:  46% (102/221)   [Kremote: Compressing objects:  47% (104/221)   [Kremote: Compressing objects:  48% (107/221)   [Kremote: Compressing objects:  49% (109/221)   [Kremote: Compressing objects:  50% (111/221)   [Kremote: Compressing objects:  51% (113/221)   [Kremote: Compressing objects:  52% (115/221)   [Kremote: Compressing objects:  53% (118/221)   [Kremote: Compressing objects:  54% (120/221)   [Kremote: Compressing objects:  55% (122/221)   [Kremote: Compressing objects:  56% (124/221)   [Kremote: Compressing objects:  57% (126/221)   [Kremote: Compressing objects:  58% (129/221)   [Kremote: Compressing objects:  59% (131/221)   [Kremote: Compressing objects:  60% (133/221)   [Kremote: Compressing objects:  61% (135/221)   [Kremote: Compressing objects:  62% (138/221)   [Kremote: Compressing objects:  63% (140/221)   [Kremote: Compressing objects:  64% (142/221)   [Kremote: Compressing objects:  65% (144/221)   [Kremote: Compressing objects:  66% (146/221)   [Kremote: Compressing objects:  67% (149/221)   [Kremote: Compressing objects:  68% (151/221)   [Kremote: Compressing objects:  69% (153/221)   [Kremote: Compressing objects:  70% (155/221)   [Kremote: Compressing objects:  71% (157/221)   [Kremote: Compressing objects:  72% (160/221)   [Kremote: Compressing objects:  73% (162/221)   [Kremote: Compressing objects:  74% (164/221)   [Kremote: Compressing objects:  75% (166/221)   [Kremote: Compressing objects:  76% (168/221)   [Kremote: Compressing objects:  77% (171/221)   [Kremote: Compressing objects:  78% (173/221)   [Kremote: Compressing objects:  79% (175/221)   [Kremote: Compressing objects:  80% (177/221)   [Kremote: Compressing objects:  81% (180/221)   [Kremote: Compressing objects:  82% (182/221)   [Kremote: Compressing objects:  83% (184/221)   [Kremote: Compressing objects:  84% (186/221)   [Kremote: Compressing objects:  85% (188/221)   [Kremote: Compressing objects:  86% (191/221)   [Kremote: Compressing objects:  87% (193/221)   [Kremote: Compressing objects:  88% (195/221)   [Kremote: Compressing objects:  89% (197/221)   [Kremote: Compressing objects:  90% (199/221)   [Kremote: Compressing objects:  91% (202/221)   [Kremote: Compressing objects:  92% (204/221)   [Kremote: Compressing objects:  93% (206/221)   [Kremote: Compressing objects:  94% (208/221)   [Kremote: Compressing objects:  95% (210/221)   [Kremote: Compressing objects:  96% (213/221)   [Kremote: Compressing objects:  97% (215/221)   [Kremote: Compressing objects:  98% (217/221)   [Kremote: Compressing objects:  99% (219/221)   [Kremote: Compressing objects: 100% (221/221)   [Kremote: Compressing objects: 100% (221/221), done.[K
Receiving objects:   0% (1/385)   Receiving objects:   1% (4/385)   Receiving objects:   2% (8/385)   Receiving objects:   3% (12/385)   Receiving objects:   4% (16/385)   Receiving objects:   5% (20/385)   Receiving objects:   6% (24/385)   Receiving objects:   7% (27/385)   Receiving objects:   8% (31/385)   Receiving objects:   9% (35/385)   Receiving objects:  10% (39/385)   Receiving objects:  11% (43/385)   Receiving objects:  12% (47/385)   Receiving objects:  13% (51/385)   Receiving objects:  14% (54/385)   Receiving objects:  15% (58/385)   Receiving objects:  16% (62/385)   Receiving objects:  17% (66/385)   Receiving objects:  18% (70/385)   Receiving objects:  19% (74/385)   Receiving objects:  20% (77/385)   Receiving objects:  21% (81/385)   Receiving objects:  22% (85/385)   Receiving objects:  23% (89/385)   Receiving objects:  24% (93/385)   Receiving objects:  25% (97/385)   Receiving objects:  26% (101/385)   Receiving objects:  27% (104/385)   Receiving objects:  28% (108/385)   Receiving objects:  29% (112/385)   Receiving objects:  30% (116/385)   Receiving objects:  31% (120/385)   Receiving objects:  32% (124/385)   Receiving objects:  33% (128/385)   Receiving objects:  34% (131/385)   Receiving objects:  35% (135/385)   Receiving objects:  36% (139/385)   Receiving objects:  37% (143/385)   Receiving objects:  38% (147/385)   Receiving objects:  39% (151/385)   Receiving objects:  40% (154/385)   Receiving objects:  41% (158/385)   Receiving objects:  42% (162/385)   Receiving objects:  43% (166/385)   Receiving objects:  44% (170/385)   Receiving objects:  45% (174/385)   Receiving objects:  46% (178/385)   Receiving objects:  47% (181/385)   Receiving objects:  48% (185/385)   Receiving objects:  49% (189/385)   Receiving objects:  50% (193/385)   Receiving objects:  51% (197/385)   Receiving objects:  52% (201/385)   Receiving objects:  53% (205/385)   Receiving objects:  54% (208/385)   Receiving objects:  55% (212/385)   Receiving objects:  56% (216/385)   Receiving objects:  57% (220/385)   Receiving objects:  58% (224/385)   Receiving objects:  59% (228/385)   Receiving objects:  60% (231/385)   Receiving objects:  61% (235/385)   Receiving objects:  62% (239/385)   Receiving objects:  63% (243/385)   Receiving objects:  64% (247/385)   Receiving objects:  65% (251/385)   Receiving objects:  66% (255/385)   Receiving objects:  67% (258/385)   Receiving objects:  68% (262/385)   Receiving objects:  69% (266/385)   Receiving objects:  70% (270/385)   Receiving objects:  71% (274/385)   Receiving objects:  72% (278/385)   Receiving objects:  73% (282/385)   Receiving objects:  74% (285/385)   Receiving objects:  75% (289/385)   Receiving objects:  76% (293/385)   Receiving objects:  77% (297/385)   Receiving objects:  78% (301/385)   Receiving objects:  79% (305/385)   Receiving objects:  80% (308/385)   Receiving objects:  81% (312/385)   Receiving objects:  82% (316/385)   Receiving objects:  83% (320/385)   Receiving objects:  84% (324/385)   Receiving objects:  85% (328/385)   Receiving objects:  86% (332/385)   Receiving objects:  87% (335/385)   Receiving objects:  88% (339/385)   Receiving objects:  89% (343/385)   Receiving objects:  90% (347/385)   Receiving objects:  91% (351/385)   Receiving objects:  92% (355/385)   Receiving objects:  93% (359/385)   Receiving objects:  94% (362/385)   Receiving objects:  95% (366/385)   Receiving objects:  96% (370/385)   Receiving objects:  97% (374/385)   Receiving objects:  98% (378/385)   remote: Total 385 (delta 203), reused 242 (delta 111), pack-reused 0[K
Receiving objects:  99% (382/385)   Receiving objects: 100% (385/385)   Receiving objects: 100% (385/385), 208.96 KiB | 0 bytes/s, done.
Resolving deltas:   0% (0/203)   Resolving deltas:  24% (49/203)   Resolving deltas:  46% (95/203)   Resolving deltas:  51% (105/203)   Resolving deltas:  53% (108/203)   Resolving deltas:  54% (110/203)   Resolving deltas:  56% (114/203)   Resolving deltas:  65% (133/203)   Resolving deltas:  66% (135/203)   Resolving deltas:  67% (137/203)   Resolving deltas:  68% (140/203)   Resolving deltas:  76% (156/203)   Resolving deltas:  77% (158/203)   Resolving deltas:  78% (160/203)   Resolving deltas:  79% (162/203)   Resolving deltas:  81% (166/203)   Resolving deltas:  83% (169/203)   Resolving deltas:  84% (172/203)   Resolving deltas:  85% (173/203)   Resolving deltas:  88% (180/203)   Resolving deltas:  93% (189/203)   Resolving deltas:  94% (191/203)   Resolving deltas:  95% (194/203)   Resolving deltas:  96% (195/203)   Resolving deltas: 100% (203/203)   Resolving deltas: 100% (203/203), done.
Checking connectivity... done.

travis_time:end:04d8f540:start=1464701824806881529,finish=1464701826857964816,duration=2051083287[0K$ cd hivesolutions/appier
$ git checkout -qf 33556e2514f071399fc40913546f14bc0d0793a6
travis_fold:end:git.checkout[0Ktravis_fold:start:services[0Ktravis_time:start:2b5daddf[0K$ sudo service mongodb start
 * Starting database mongodb       [80G [74G[ OK ]

travis_time:end:2b5daddf:start=1464701826877168547,finish=1464701827930283421,duration=1053114874[0Ktravis_fold:end:services[0K
[33;1mThis job is running on container-based infrastructure, which does not allow use of 'sudo', setuid and setguid executables.[0m
[33;1mIf you require sudo, add 'sudo: required' to your .travis.yml[0m
[33;1mSee https://docs.travis-ci.com/user/workers/container-based-infrastructure/ for details.[0m

[33;1mSetting environment variables from .travis.yml[0m
$ export ADAPTER=tiny

travis_time:start:0147c8a4[0K$ source ~/virtualenv/python3.2/bin/activate

travis_time:end:0147c8a4:start=1464701849501716725,finish=1464701849506642513,duration=4925788[0K$ python --version
Python 3.2.5
$ pip --version
pip 6.0.7 from /home/travis/virtualenv/python3.2.5/lib/python3.2/site-packages (python 3.2)
travis_fold:start:install.1[0Ktravis_time:start:1c34367c[0K$ pip install "pkginfo<1.3"
Collecting pkginfo<1.3
  Downloading pkginfo-1.2.1.tar.gz
Installing collected packages: pkginfo
  Running setup.py install for pkginfo
    Installing pkginfo script to /home/travis/virtualenv/python3.2.5/bin
Successfully installed pkginfo-1.2.1

travis_time:end:1c34367c:start=1464701863936999547,finish=1464701865639764516,duration=1702764969[0Ktravis_fold:end:install.1[0Ktravis_fold:start:install.2[0Ktravis_time:start:03c8dfcc[0K$ pip install -r requirements.txt
Collecting pymongo (from -r requirements.txt (line 1))
  Downloading pymongo-3.2.2.tar.gz (504kB)
[?25l[K    0% |                                | 4.1kB 50.5MB/s eta 0:00:01[K    1% |                                | 8.2kB 30.8MB/s eta 0:00:01[K    2% |                                | 12kB 30.8MB/s eta 0:00:01[K    3% |#                               | 16kB 24.3MB/s eta 0:00:01[K    4% |#                               | 20kB 25.3MB/s eta 0:00:01[K    4% |#                               | 24kB 26.1MB/s eta 0:00:01[K    5% |#                               | 28kB 26.8MB/s eta 0:00:01[K    6% |##                              | 32kB 25.3MB/s eta 0:00:01[K    7% |##                              | 36kB 25.3MB/s eta 0:00:01[K    8% |##                              | 40kB 25.8MB/s eta 0:00:01[K    8% |##                              | 45kB 23.8MB/s eta 0:00:01[K    9% |###                             | 49kB 23.4MB/s eta 0:00:01[K    10% |###                             | 53kB 23.5MB/s eta 0:00:01[K    11% |###                             | 57kB 25.6MB/s eta 0:00:01[K    12% |###                             | 61kB 25.8MB/s eta 0:00:01[K    12% |####                            | 65kB 25.3MB/s eta 0:00:01[K    13% |####                            | 69kB 25.1MB/s eta 0:00:01[K    14% |####                            | 73kB 25.1MB/s eta 0:00:01[K    15% |####                            | 77kB 25.7MB/s eta 0:00:01[K    16% |#####                           | 81kB 25.0MB/s eta 0:00:01[K    17% |#####                           | 86kB 26.6MB/s eta 0:00:01[K    17% |#####                           | 90kB 28.2MB/s eta 0:00:01[K    18% |#####                           | 94kB 28.4MB/s eta 0:00:01[K    19% |######                          | 98kB 26.1MB/s eta 0:00:01[K    20% |######                          | 102kB 24.7MB/s eta 0:00:01[K    21% |######                          | 106kB 23.8MB/s eta 0:00:01[K    21% |#######                         | 110kB 22.9MB/s eta 0:00:01[K    22% |#######                         | 114kB 22.0MB/s eta 0:00:01[K    23% |#######                         | 118kB 21.0MB/s eta 0:00:01[K    24% |#######                         | 122kB 20.5MB/s eta 0:00:01[K    25% |########                        | 126kB 19.6MB/s eta 0:00:01[K    25% |########                        | 131kB 17.1MB/s eta 0:00:01[K    26% |########                        | 135kB 17.0MB/s eta 0:00:01[K    27% |########                        | 139kB 17.9MB/s eta 0:00:01[K    28% |#########                       | 143kB 18.6MB/s eta 0:00:01[K    29% |#########                       | 147kB 19.2MB/s eta 0:00:01[K    30% |#########                       | 151kB 20.0MB/s eta 0:00:01[K    30% |#########                       | 155kB 21.8MB/s eta 0:00:01[K    31% |##########                      | 159kB 22.9MB/s eta 0:00:01[K    32% |##########                      | 163kB 23.6MB/s eta 0:00:01[K    33% |##########                      | 167kB 24.9MB/s eta 0:00:01[K    34% |##########                      | 172kB 30.6MB/s eta 0:00:01[K    34% |###########                     | 176kB 31.0MB/s eta 0:00:01[K    35% |###########                     | 180kB 24.3MB/s eta 0:00:01[K    36% |###########                     | 184kB 24.3MB/s eta 0:00:01[K    37% |###########                     | 188kB 24.9MB/s eta 0:00:01[K    38% |############                    | 192kB 25.0MB/s eta 0:00:01[K    38% |############                    | 196kB 24.4MB/s eta 0:00:01[K    39% |############                    | 200kB 23.7MB/s eta 0:00:01[K    40% |############                    | 204kB 24.1MB/s eta 0:00:01[K    41% |#############                   | 208kB 24.0MB/s eta 0:00:01[K    42% |#############                   | 212kB 23.4MB/s eta 0:00:01[K    43% |#############                   | 217kB 23.4MB/s eta 0:00:01[K    43% |##############                  | 221kB 29.7MB/s eta 0:00:01[K    44% |##############                  | 225kB 29.9MB/s eta 0:00:01[K    45% |##############                  | 229kB 29.1MB/s eta 0:00:01[K    46% |##############                  | 233kB 29.0MB/s eta 0:00:01[K    47% |###############                 | 237kB 29.3MB/s eta 0:00:01[K    47% |###############                 | 241kB 30.2MB/s eta 0:00:01[K    48% |###############                 | 245kB 28.8MB/s eta 0:00:01[K    49% |###############                 | 249kB 29.0MB/s eta 0:00:01[K    50% |################                | 253kB 30.0MB/s eta 0:00:01[K    51% |################                | 258kB 30.0MB/s eta 0:00:01[K    51% |################                | 262kB 29.2MB/s eta 0:00:01[K    52% |################                | 266kB 29.0MB/s eta 0:00:01[K    53% |#################               | 270kB 29.9MB/s eta 0:00:01[K    54% |#################               | 274kB 30.0MB/s eta 0:00:01[K    55% |#################               | 278kB 29.7MB/s eta 0:00:01[K    56% |#################               | 282kB 29.9MB/s eta 0:00:01[K    56% |##################              | 286kB 31.7MB/s eta 0:00:01[K    57% |##################              | 290kB 31.7MB/s eta 0:00:01[K    58% |##################              | 294kB 19.9MB/s eta 0:00:01[K    59% |##################              | 299kB 19.9MB/s eta 0:00:01[K    60% |###################             | 303kB 20.2MB/s eta 0:00:01[K    60% |###################             | 307kB 20.3MB/s eta 0:00:01[K    61% |###################             | 311kB 19.6MB/s eta 0:00:01[K    62% |####################            | 315kB 19.6MB/s eta 0:00:01[K    63% |####################            | 319kB 20.0MB/s eta 0:00:01[K    64% |####################            | 323kB 20.0MB/s eta 0:00:01[K    64% |####################            | 327kB 19.6MB/s eta 0:00:01[K    65% |#####################           | 331kB 19.6MB/s eta 0:00:01[K    66% |#####################           | 335kB 30.3MB/s eta 0:00:01[K    67% |#####################           | 339kB 30.3MB/s eta 0:00:01[K    68% |#####################           | 344kB 29.2MB/s eta 0:00:01[K    69% |######################          | 348kB 29.2MB/s eta 0:00:01[K    69% |######################          | 352kB 30.6MB/s eta 0:00:01[K    70% |######################          | 356kB 30.7MB/s eta 0:00:01[K    71% |######################          | 360kB 29.3MB/s eta 0:00:01[K    72% |#######################         | 364kB 29.2MB/s eta 0:00:01[K    73% |#######################         | 368kB 30.1MB/s eta 0:00:01[K    73% |#######################         | 372kB 30.1MB/s eta 0:00:01[K    74% |#######################         | 376kB 29.4MB/s eta 0:00:01[K    75% |########################        | 380kB 29.5MB/s eta 0:00:01[K    76% |########################        | 385kB 30.7MB/s eta 0:00:01[K    77% |########################        | 389kB 30.7MB/s eta 0:00:01[K    77% |########################        | 393kB 29.7MB/s eta 0:00:01[K    78% |#########################       | 397kB 29.7MB/s eta 0:00:01[K    79% |#########################       | 401kB 31.2MB/s eta 0:00:01[K    80% |#########################       | 405kB 31.2MB/s eta 0:00:01[K    81% |#########################       | 409kB 30.3MB/s eta 0:00:01[K    82% |##########################      | 413kB 30.2MB/s eta 0:00:01[K    82% |##########################      | 417kB 31.6MB/s eta 0:00:01[K    83% |##########################      | 421kB 31.5MB/s eta 0:00:01[K    84% |###########################     | 425kB 30.5MB/s eta 0:00:01[K    85% |###########################     | 430kB 30.4MB/s eta 0:00:01[K    86% |###########################     | 434kB 31.4MB/s eta 0:00:01[K    86% |###########################     | 438kB 31.5MB/s eta 0:00:01[K    87% |############################    | 442kB 30.5MB/s eta 0:00:01[K    88% |############################    | 446kB 30.5MB/s eta 0:00:01[K    89% |############################    | 450kB 31.6MB/s eta 0:00:01[K    90% |############################    | 454kB 31.6MB/s eta 0:00:01[K    90% |#############################   | 458kB 29.2MB/s eta 0:00:01[K    91% |#############################   | 462kB 29.2MB/s eta 0:00:01[K    92% |#############################   | 466kB 30.1MB/s eta 0:00:01[K    93% |#############################   | 471kB 30.1MB/s eta 0:00:01[K    94% |##############################  | 475kB 29.2MB/s eta 0:00:01[K    95% |##############################  | 479kB 29.2MB/s eta 0:00:01[K    95% |##############################  | 483kB 30.0MB/s eta 0:00:01[K    96% |##############################  | 487kB 30.0MB/s eta 0:00:01[K    97% |############################### | 491kB 29.3MB/s eta 0:00:01[K    98% |############################### | 495kB 29.2MB/s eta 0:00:01[K    99% |############################### | 499kB 31.6MB/s eta 0:00:01[K    99% |############################### | 503kB 31.7MB/s eta 0:00:01[K    100% |################################| 507kB 1.1MB/s 
[?25hCollecting tinydb (from -r requirements.txt (line 2))
  Downloading tinydb-3.2.0.zip
Collecting redis (from -r requirements.txt (line 3))
  Downloading redis-2.10.5-py2.py3-none-any.whl (60kB)
[?25l[K    6% |##                              | 4.1kB 54.5MB/s eta 0:00:01[K    13% |####                            | 8.2kB 30.9MB/s eta 0:00:01[K    20% |######                          | 12kB 30.6MB/s eta 0:00:01[K    27% |########                        | 16kB 26.2MB/s eta 0:00:01[K    33% |##########                      | 20kB 24.9MB/s eta 0:00:01[K    40% |############                    | 24kB 25.5MB/s eta 0:00:01[K    47% |###############                 | 28kB 25.0MB/s eta 0:00:01[K    54% |#################               | 32kB 24.0MB/s eta 0:00:01[K    60% |###################             | 36kB 24.6MB/s eta 0:00:01[K    67% |#####################           | 40kB 23.6MB/s eta 0:00:01[K    74% |#######################         | 45kB 22.9MB/s eta 0:00:01[K    81% |#########################       | 49kB 23.2MB/s eta 0:00:01[K    87% |############################    | 53kB 22.9MB/s eta 0:00:01[K    94% |##############################  | 57kB 23.4MB/s eta 0:00:01[K    100% |################################| 61kB 5.6MB/s 
[?25hInstalling collected packages: redis, tinydb, pymongo

  Running setup.py install for tinydb
  Running setup.py install for pymongo
    building 'bson._cbson' extension
    gcc -pthread -DNDEBUG -g -fwrapv -O3 -Wall -Wstrict-prototypes -g -fstack-protector --param=ssp-buffer-size=4 -Wformat -Werror=format-security -fPIC -Ibson -I/opt/python/3.2.5/include/python3.2mu -c bson/_cbsonmodule.c -o build/temp.linux-x86_64-3.2/bson/_cbsonmodule.o
    gcc -pthread -DNDEBUG -g -fwrapv -O3 -Wall -Wstrict-prototypes -g -fstack-protector --param=ssp-buffer-size=4 -Wformat -Werror=format-security -fPIC -Ibson -I/opt/python/3.2.5/include/python3.2mu -c bson/time64.c -o build/temp.linux-x86_64-3.2/bson/time64.o
    gcc -pthread -DNDEBUG -g -fwrapv -O3 -Wall -Wstrict-prototypes -g -fstack-protector --param=ssp-buffer-size=4 -Wformat -Werror=format-security -fPIC -Ibson -I/opt/python/3.2.5/include/python3.2mu -c bson/buffer.c -o build/temp.linux-x86_64-3.2/bson/buffer.o
    gcc -pthread -DNDEBUG -g -fwrapv -O3 -Wall -Wstrict-prototypes -g -fstack-protector --param=ssp-buffer-size=4 -Wformat -Werror=format-security -fPIC -Ibson -I/opt/python/3.2.5/include/python3.2mu -c bson/encoding_helpers.c -o build/temp.linux-x86_64-3.2/bson/encoding_helpers.o
    gcc -pthread -shared -L/opt/python/3.2.5/lib -Wl,-rpath=/opt/python/3.2.5/lib build/temp.linux-x86_64-3.2/bson/_cbsonmodule.o build/temp.linux-x86_64-3.2/bson/time64.o build/temp.linux-x86_64-3.2/bson/buffer.o build/temp.linux-x86_64-3.2/bson/encoding_helpers.o -L/opt/python/3.2.5/lib -lpython3.2mu -o build/lib.linux-x86_64-3.2/bson/_cbson.cpython-32mu.so
    building 'pymongo._cmessage' extension
    gcc -pthread -DNDEBUG -g -fwrapv -O3 -Wall -Wstrict-prototypes -g -fstack-protector --param=ssp-buffer-size=4 -Wformat -Werror=format-security -fPIC -Ibson -I/opt/python/3.2.5/include/python3.2mu -c pymongo/_cmessagemodule.c -o build/temp.linux-x86_64-3.2/pymongo/_cmessagemodule.o
    gcc -pthread -DNDEBUG -g -fwrapv -O3 -Wall -Wstrict-prototypes -g -fstack-protector --param=ssp-buffer-size=4 -Wformat -Werror=format-security -fPIC -Ibson -I/opt/python/3.2.5/include/python3.2mu -c bson/buffer.c -o build/temp.linux-x86_64-3.2/bson/buffer.o
    gcc -pthread -shared -L/opt/python/3.2.5/lib -Wl,-rpath=/opt/python/3.2.5/lib build/temp.linux-x86_64-3.2/pymongo/_cmessagemodule.o build/temp.linux-x86_64-3.2/bson/buffer.o -L/opt/python/3.2.5/lib -lpython3.2mu -o build/lib.linux-x86_64-3.2/pymongo/_cmessage.cpython-32mu.so
Successfully installed pymongo-3.2.2 redis-2.10.5 tinydb-3.2.0

travis_time:end:03c8dfcc:start=1464701865643946613,finish=1464701878823758674,duration=13179812061[0Ktravis_fold:end:install.2[0Ktravis_fold:start:install.3[0Ktravis_time:start:01a302c2[0K$ pip install coveralls
Collecting coveralls
  Downloading coveralls-1.1-py2.py3-none-any.whl
Collecting docopt>=0.6.1 (from coveralls)
  Downloading docopt-0.6.2.tar.gz
Collecting coverage>=3.6 (from coveralls)
  Downloading coverage-4.1.tar.gz (370kB)
[?25l[K    1% |                                | 4.1kB 54.5MB/s eta 0:00:01[K    2% |                                | 8.2kB 31.5MB/s eta 0:00:01[K    3% |#                               | 12kB 31.4MB/s eta 0:00:01[K    4% |#                               | 16kB 27.0MB/s eta 0:00:01[K    5% |#                               | 20kB 27.8MB/s eta 0:00:01[K    6% |##                              | 24kB 28.3MB/s eta 0:00:01[K    7% |##                              | 28kB 29.0MB/s eta 0:00:01[K    8% |##                              | 32kB 28.3MB/s eta 0:00:01[K    9% |###                             | 36kB 28.7MB/s eta 0:00:01[K    11% |###                             | 40kB 29.0MB/s eta 0:00:01[K    12% |###                             | 45kB 28.2MB/s eta 0:00:01[K    13% |####                            | 49kB 28.5MB/s eta 0:00:01[K    14% |####                            | 53kB 28.6MB/s eta 0:00:01[K    15% |####                            | 57kB 30.5MB/s eta 0:00:01[K    16% |#####                           | 61kB 30.7MB/s eta 0:00:01[K    17% |#####                           | 65kB 8.4MB/s eta 0:00:01[K    18% |######                          | 69kB 8.3MB/s eta 0:00:01[K    19% |######                          | 73kB 8.4MB/s eta 0:00:01[K    20% |######                          | 77kB 8.4MB/s eta 0:00:01[K    22% |#######                         | 81kB 8.3MB/s eta 0:00:01[K    23% |#######                         | 86kB 8.3MB/s eta 0:00:01[K    24% |#######                         | 90kB 8.3MB/s eta 0:00:01[K    25% |########                        | 94kB 8.4MB/s eta 0:00:01[K    26% |########                        | 98kB 8.3MB/s eta 0:00:01[K    27% |########                        | 102kB 8.3MB/s eta 0:00:01[K    28% |#########                       | 106kB 29.7MB/s eta 0:00:01[K    29% |#########                       | 110kB 30.3MB/s eta 0:00:01[K    30% |#########                       | 114kB 29.2MB/s eta 0:00:01[K    32% |##########                      | 118kB 29.1MB/s eta 0:00:01[K    33% |##########                      | 122kB 30.9MB/s eta 0:00:01[K    34% |##########                      | 126kB 29.9MB/s eta 0:00:01[K    35% |###########                     | 131kB 28.3MB/s eta 0:00:01[K    36% |###########                     | 135kB 28.2MB/s eta 0:00:01[K    37% |############                    | 139kB 28.9MB/s eta 0:00:01[K    38% |############                    | 143kB 28.4MB/s eta 0:00:01[K    39% |############                    | 147kB 27.5MB/s eta 0:00:01[K    40% |#############                   | 151kB 27.5MB/s eta 0:00:01[K    41% |#############                   | 155kB 28.8MB/s eta 0:00:01[K    43% |#############                   | 159kB 28.8MB/s eta 0:00:01[K    44% |##############                  | 163kB 28.0MB/s eta 0:00:01[K    45% |##############                  | 167kB 29.0MB/s eta 0:00:01[K    46% |##############                  | 172kB 30.7MB/s eta 0:00:01[K    47% |###############                 | 176kB 30.9MB/s eta 0:00:01[K    48% |###############                 | 180kB 30.1MB/s eta 0:00:01[K    49% |###############                 | 184kB 30.6MB/s eta 0:00:01[K    50% |################                | 188kB 31.2MB/s eta 0:00:01[K    51% |################                | 192kB 31.2MB/s eta 0:00:01[K    53% |################                | 196kB 11.2MB/s eta 0:00:01[K    54% |#################               | 200kB 11.1MB/s eta 0:00:01[K    55% |#################               | 204kB 11.2MB/s eta 0:00:01[K    56% |##################              | 208kB 11.2MB/s eta 0:00:01[K    57% |##################              | 212kB 11.1MB/s eta 0:00:01[K    58% |##################              | 217kB 11.1MB/s eta 0:00:01[K    59% |###################             | 221kB 11.2MB/s eta 0:00:01[K    60% |###################             | 225kB 11.2MB/s eta 0:00:01[K    61% |###################             | 229kB 11.1MB/s eta 0:00:01[K    62% |####################            | 233kB 11.1MB/s eta 0:00:01[K    64% |####################            | 237kB 30.2MB/s eta 0:00:01[K    65% |####################            | 241kB 30.6MB/s eta 0:00:01[K    66% |#####################           | 245kB 29.9MB/s eta 0:00:01[K    67% |#####################           | 249kB 29.5MB/s eta 0:00:01[K    68% |#####################           | 253kB 30.4MB/s eta 0:00:01[K    69% |######################          | 258kB 30.5MB/s eta 0:00:01[K    70% |######################          | 262kB 29.2MB/s eta 0:00:01[K    71% |######################          | 266kB 29.1MB/s eta 0:00:01[K    72% |#######################         | 270kB 30.0MB/s eta 0:00:01[K    74% |#######################         | 274kB 30.1MB/s eta 0:00:01[K    75% |########################        | 278kB 29.1MB/s eta 0:00:01[K    76% |########################        | 282kB 29.1MB/s eta 0:00:01[K    77% |########################        | 286kB 30.0MB/s eta 0:00:01[K    78% |#########################       | 290kB 29.7MB/s eta 0:00:01[K    79% |#########################       | 294kB 26.1MB/s eta 0:00:01[K    80% |#########################       | 299kB 25.4MB/s eta 0:00:01[K    81% |##########################      | 303kB 26.2MB/s eta 0:00:01[K    82% |##########################      | 307kB 26.0MB/s eta 0:00:01[K    83% |##########################      | 311kB 25.6MB/s eta 0:00:01[K    85% |###########################     | 315kB 25.6MB/s eta 0:00:01[K    86% |###########################     | 319kB 26.4MB/s eta 0:00:01[K    87% |###########################     | 323kB 26.4MB/s eta 0:00:01[K    88% |############################    | 327kB 25.7MB/s eta 0:00:01[K    89% |############################    | 331kB 26.3MB/s eta 0:00:01[K    90% |############################    | 335kB 29.9MB/s eta 0:00:01[K    91% |#############################   | 339kB 30.9MB/s eta 0:00:01[K    92% |#############################   | 344kB 30.2MB/s eta 0:00:01[K    93% |##############################  | 348kB 30.4MB/s eta 0:00:01[K    94% |##############################  | 352kB 30.9MB/s eta 0:00:01[K    96% |##############################  | 356kB 30.9MB/s eta 0:00:01[K    97% |############################### | 360kB 30.1MB/s eta 0:00:01[K    98% |############################### | 364kB 30.1MB/s eta 0:00:01[K    99% |############################### | 368kB 31.0MB/s eta 0:00:01[K    100% |################################| 372kB 1.4MB/s 
[?25hCollecting requests>=1.0.0 (from coveralls)
  Downloading requests-2.10.0-py2.py3-none-any.whl (506kB)
[?25l[K    0% |                                | 4.1kB 19.5MB/s eta 0:00:01[K    1% |                                | 8.2kB 13.3MB/s eta 0:00:01[K    2% |                                | 12kB 14.1MB/s eta 0:00:01[K    3% |#                               | 16kB 13.4MB/s eta 0:00:01[K    4% |#                               | 20kB 14.0MB/s eta 0:00:01[K    4% |#                               | 24kB 14.2MB/s eta 0:00:01[K    5% |#                               | 28kB 14.8MB/s eta 0:00:01[K    6% |##                              | 32kB 14.6MB/s eta 0:00:01[K    7% |##                              | 36kB 15.0MB/s eta 0:00:01[K    8% |##                              | 40kB 15.3MB/s eta 0:00:01[K    8% |##                              | 45kB 15.3MB/s eta 0:00:01[K    9% |###                             | 49kB 15.8MB/s eta 0:00:01[K    10% |###                             | 53kB 16.1MB/s eta 0:00:01[K    11% |###                             | 57kB 16.7MB/s eta 0:00:01[K    12% |###                             | 61kB 16.8MB/s eta 0:00:01[K    12% |####                            | 65kB 16.4MB/s eta 0:00:01[K    13% |####                            | 69kB 16.5MB/s eta 0:00:01[K    14% |####                            | 73kB 17.1MB/s eta 0:00:01[K    15% |####                            | 77kB 17.0MB/s eta 0:00:01[K    16% |#####                           | 81kB 16.3MB/s eta 0:00:01[K    16% |#####                           | 86kB 16.3MB/s eta 0:00:01[K    17% |#####                           | 90kB 16.9MB/s eta 0:00:01[K    18% |#####                           | 94kB 17.0MB/s eta 0:00:01[K    19% |######                          | 98kB 16.8MB/s eta 0:00:01[K    20% |######                          | 102kB 16.8MB/s eta 0:00:01[K    21% |######                          | 106kB 17.6MB/s eta 0:00:01[K    21% |######                          | 110kB 17.5MB/s eta 0:00:01[K    22% |#######                         | 114kB 16.9MB/s eta 0:00:01[K    23% |#######                         | 118kB 16.9MB/s eta 0:00:01[K    24% |#######                         | 122kB 17.8MB/s eta 0:00:01[K    25% |########                        | 126kB 17.6MB/s eta 0:00:01[K    25% |########                        | 131kB 16.9MB/s eta 0:00:01[K    26% |########                        | 135kB 16.9MB/s eta 0:00:01[K    27% |########                        | 139kB 17.4MB/s eta 0:00:01[K    28% |#########                       | 143kB 17.4MB/s eta 0:00:01[K    29% |#########                       | 147kB 16.8MB/s eta 0:00:01[K    29% |#########                       | 151kB 16.8MB/s eta 0:00:01[K    30% |#########                       | 155kB 17.5MB/s eta 0:00:01[K    31% |##########                      | 159kB 17.6MB/s eta 0:00:01[K    32% |##########                      | 163kB 17.0MB/s eta 0:00:01[K    33% |##########                      | 167kB 17.2MB/s eta 0:00:01[K    33% |##########                      | 172kB 17.9MB/s eta 0:00:01[K    34% |###########                     | 176kB 18.0MB/s eta 0:00:01[K    35% |###########                     | 180kB 17.3MB/s eta 0:00:01[K    36% |###########                     | 184kB 17.3MB/s eta 0:00:01[K    37% |###########                     | 188kB 18.0MB/s eta 0:00:01[K    37% |############                    | 192kB 18.0MB/s eta 0:00:01[K    38% |############                    | 196kB 16.8MB/s eta 0:00:01[K    39% |############                    | 200kB 16.7MB/s eta 0:00:01[K    40% |############                    | 204kB 17.3MB/s eta 0:00:01[K    41% |#############                   | 208kB 17.2MB/s eta 0:00:01[K    42% |#############                   | 212kB 16.6MB/s eta 0:00:01[K    42% |#############                   | 217kB 16.5MB/s eta 0:00:01[K    43% |#############                   | 221kB 17.1MB/s eta 0:00:01[K    44% |##############                  | 225kB 17.1MB/s eta 0:00:01[K    45% |##############                  | 229kB 16.4MB/s eta 0:00:01[K    46% |##############                  | 233kB 16.5MB/s eta 0:00:01[K    46% |##############                  | 237kB 17.5MB/s eta 0:00:01[K    47% |###############                 | 241kB 17.6MB/s eta 0:00:01[K    48% |###############                 | 245kB 16.9MB/s eta 0:00:01[K    49% |###############                 | 249kB 16.9MB/s eta 0:00:01[K    50% |################                | 253kB 17.5MB/s eta 0:00:01[K    50% |################                | 258kB 17.5MB/s eta 0:00:01[K    51% |################                | 262kB 16.7MB/s eta 0:00:01[K    52% |################                | 266kB 16.7MB/s eta 0:00:01[K    53% |#################               | 270kB 17.3MB/s eta 0:00:01[K    54% |#################               | 274kB 17.3MB/s eta 0:00:01[K    54% |#################               | 278kB 16.7MB/s eta 0:00:01[K    55% |#################               | 282kB 16.7MB/s eta 0:00:01[K    56% |##################              | 286kB 17.4MB/s eta 0:00:01[K    57% |##################              | 290kB 17.4MB/s eta 0:00:01[K    58% |##################              | 294kB 16.8MB/s eta 0:00:01[K    58% |##################              | 299kB 16.8MB/s eta 0:00:01[K    59% |###################             | 303kB 17.6MB/s eta 0:00:01[K    60% |###################             | 307kB 17.6MB/s eta 0:00:01[K    61% |###################             | 311kB 16.9MB/s eta 0:00:01[K    62% |###################             | 315kB 16.9MB/s eta 0:00:01[K    63% |####################            | 319kB 17.2MB/s eta 0:00:01[K    63% |####################            | 323kB 17.2MB/s eta 0:00:01[K    64% |####################            | 327kB 16.6MB/s eta 0:00:01[K    65% |####################            | 331kB 16.3MB/s eta 0:00:01[K    66% |#####################           | 335kB 16.8MB/s eta 0:00:01[K    67% |#####################           | 339kB 16.8MB/s eta 0:00:01[K    67% |#####################           | 344kB 14.9MB/s eta 0:00:01[K    68% |#####################           | 348kB 14.9MB/s eta 0:00:01[K    69% |######################          | 352kB 15.4MB/s eta 0:00:01[K    70% |######################          | 356kB 15.4MB/s eta 0:00:01[K    71% |######################          | 360kB 15.1MB/s eta 0:00:01[K    71% |#######################         | 364kB 14.8MB/s eta 0:00:01[K    72% |#######################         | 368kB 15.3MB/s eta 0:00:01[K    73% |#######################         | 372kB 15.5MB/s eta 0:00:01[K    74% |#######################         | 376kB 15.0MB/s eta 0:00:01[K    75% |########################        | 380kB 15.0MB/s eta 0:00:01[K    75% |########################        | 385kB 16.9MB/s eta 0:00:01[K    76% |########################        | 389kB 16.9MB/s eta 0:00:01[K    77% |########################        | 393kB 16.1MB/s eta 0:00:01[K    78% |#########################       | 397kB 16.0MB/s eta 0:00:01[K    79% |#########################       | 401kB 16.6MB/s eta 0:00:01[K    80% |#########################       | 405kB 16.9MB/s eta 0:00:01[K    80% |#########################       | 409kB 16.3MB/s eta 0:00:01[K    81% |##########################      | 413kB 16.3MB/s eta 0:00:01[K    82% |##########################      | 417kB 16.9MB/s eta 0:00:01[K    83% |##########################      | 421kB 17.0MB/s eta 0:00:01[K    84% |##########################      | 425kB 16.4MB/s eta 0:00:01[K    84% |###########################     | 430kB 16.4MB/s eta 0:00:01[K    85% |###########################     | 434kB 17.2MB/s eta 0:00:01[K    86% |###########################     | 438kB 17.2MB/s eta 0:00:01[K    87% |###########################     | 442kB 16.6MB/s eta 0:00:01[K    88% |############################    | 446kB 16.6MB/s eta 0:00:01[K    88% |############################    | 450kB 17.1MB/s eta 0:00:01[K    89% |############################    | 454kB 17.1MB/s eta 0:00:01[K    90% |############################    | 458kB 16.3MB/s eta 0:00:01[K    91% |#############################   | 462kB 16.2MB/s eta 0:00:01[K    92% |#############################   | 466kB 16.8MB/s eta 0:00:01[K    92% |#############################   | 471kB 16.8MB/s eta 0:00:01[K    93% |#############################   | 475kB 16.2MB/s eta 0:00:01[K    94% |##############################  | 479kB 16.2MB/s eta 0:00:01[K    95% |##############################  | 483kB 16.8MB/s eta 0:00:01[K    96% |##############################  | 487kB 16.8MB/s eta 0:00:01[K    96% |############################### | 491kB 16.4MB/s eta 0:00:01[K    97% |############################### | 495kB 16.3MB/s eta 0:00:01[K    98% |############################### | 499kB 17.1MB/s eta 0:00:01[K    99% |############################### | 503kB 17.1MB/s eta 0:00:01[K    100% |################################| 507kB 703kB/s 
[?25hInstalling collected packages: requests, coverage, docopt, coveralls

  Running setup.py install for coverage
    building 'coverage.tracer' extension
    gcc -pthread -DNDEBUG -g -fwrapv -O3 -Wall -Wstrict-prototypes -g -fstack-protector --param=ssp-buffer-size=4 -Wformat -Werror=format-security -fPIC -I/opt/python/3.2.5/include/python3.2mu -c coverage/ctracer/datastack.c -o build/temp.linux-x86_64-3.2/coverage/ctracer/datastack.o
    gcc -pthread -DNDEBUG -g -fwrapv -O3 -Wall -Wstrict-prototypes -g -fstack-protector --param=ssp-buffer-size=4 -Wformat -Werror=format-security -fPIC -I/opt/python/3.2.5/include/python3.2mu -c coverage/ctracer/filedisp.c -o build/temp.linux-x86_64-3.2/coverage/ctracer/filedisp.o
    gcc -pthread -DNDEBUG -g -fwrapv -O3 -Wall -Wstrict-prototypes -g -fstack-protector --param=ssp-buffer-size=4 -Wformat -Werror=format-security -fPIC -I/opt/python/3.2.5/include/python3.2mu -c coverage/ctracer/module.c -o build/temp.linux-x86_64-3.2/coverage/ctracer/module.o
    gcc -pthread -DNDEBUG -g -fwrapv -O3 -Wall -Wstrict-prototypes -g -fstack-protector --param=ssp-buffer-size=4 -Wformat -Werror=format-security -fPIC -I/opt/python/3.2.5/include/python3.2mu -c coverage/ctracer/tracer.c -o build/temp.linux-x86_64-3.2/coverage/ctracer/tracer.o
    coverage/ctracer/tracer.c: In function â€˜CTracer_disable_pluginâ€™:
    coverage/ctracer/tracer.c:597:9: warning: implicit declaration of function â€˜PyUnicode_AsUTF8â€™ [-Wimplicit-function-declaration]
    gcc -pthread -shared -L/opt/python/3.2.5/lib -Wl,-rpath=/opt/python/3.2.5/lib build/temp.linux-x86_64-3.2/coverage/ctracer/datastack.o build/temp.linux-x86_64-3.2/coverage/ctracer/filedisp.o build/temp.linux-x86_64-3.2/coverage/ctracer/module.o build/temp.linux-x86_64-3.2/coverage/ctracer/tracer.o -L/opt/python/3.2.5/lib -lpython3.2mu -o build/lib.linux-x86_64-3.2/coverage/tracer.cpython-32mu.so
    Installing coverage3 script to /home/travis/virtualenv/python3.2.5/bin
    Installing coverage-3.2 script to /home/travis/virtualenv/python3.2.5/bin
    Installing coverage script to /home/travis/virtualenv/python3.2.5/bin
  Running setup.py install for docopt

Successfully installed coverage-4.1 coveralls-1.1 docopt-0.6.2 requests-2.10.0

travis_time:end:01a302c2:start=1464701878827428118,finish=1464701885456343053,duration=6628914935[0Ktravis_fold:end:install.3[0Ktravis_fold:start:install.4[0Ktravis_time:start:2ac55d4b[0K$ pip install twine
Collecting twine
  Downloading twine-1.6.5-py2.py3-none-any.whl
Requirement already satisfied (use --upgrade to upgrade): pkginfo>=1.0 in /home/travis/virtualenv/python3.2.5/lib/python3.2/site-packages (from twine)
Requirement already satisfied (use --upgrade to upgrade): requests>=2.3.0 in /home/travis/virtualenv/python3.2.5/lib/python3.2/site-packages (from twine)
Requirement already satisfied (use --upgrade to upgrade): setuptools>=0.7.0 in /home/travis/virtualenv/python3.2.5/lib/python3.2/site-packages (from twine)
Collecting requests-toolbelt>=0.4.0 (from twine)
  Downloading requests_toolbelt-0.6.2-py2.py3-none-any.whl (49kB)
[?25l[K    8% |##                              | 4.1kB 24.1MB/s eta 0:00:01[K    16% |#####                           | 8.2kB 15.6MB/s eta 0:00:01[K    24% |#######                         | 12kB 17.1MB/s eta 0:00:01[K    33% |##########                      | 16kB 16.5MB/s eta 0:00:01[K    41% |#############                   | 20kB 16.5MB/s eta 0:00:01[K    49% |###############                 | 24kB 16.7MB/s eta 0:00:01[K    58% |##################              | 28kB 16.9MB/s eta 0:00:01[K    66% |#####################           | 32kB 7.2MB/s eta 0:00:01[K    74% |#######################         | 36kB 7.7MB/s eta 0:00:01[K    83% |##########################      | 40kB 8.1MB/s eta 0:00:01[K    91% |#############################   | 45kB 8.1MB/s eta 0:00:01[K    99% |############################### | 49kB 8.3MB/s eta 0:00:01[K    100% |################################| 53kB 3.6MB/s 
[?25hInstalling collected packages: requests-toolbelt, twine


Successfully installed requests-toolbelt-0.6.2 twine-1.6.5

travis_time:end:2ac55d4b:start=1464701885460256945,finish=1464701886441891985,duration=981635040[0Ktravis_fold:end:install.4[0Ktravis_time:start:155f6c10[0K$ if [[ $TRAVIS_PYTHON_VERSION != "3.2" ]]; then coverage run --source=appier setup.py test; else python setup.py test; fi
running test
running egg_info
creating src/appier.egg-info
writing src/appier.egg-info/PKG-INFO
writing top-level names to src/appier.egg-info/top_level.txt
writing dependency_links to src/appier.egg-info/dependency_links.txt
writing manifest file 'src/appier.egg-info/SOURCES.txt'
reading manifest file 'src/appier.egg-info/SOURCES.txt'
reading manifest template 'MANIFEST.in'
writing manifest file 'src/appier.egg-info/SOURCES.txt'
running build_ext
test_locale (appier.test.base.BaseTest) ... ok
test_memory (appier.test.cache.CacheTest) ... ok
test_id (appier.test.data.DataTest) ... ok
test_encoding (appier.test.exceptions.ExceptionsTest) ... ok
test_validation (appier.test.exceptions.ExceptionsTest) ... ok
test_import_multiple (appier.test.export.ExportTest) ... ok
test_import_single (appier.test.export.ExportTest) ... ok
test_argspec (appier.test.legacy.LegacyTest) ... ok
test_tobytes (appier.test.legacy.LegacyTest) ... ok
test_tostring (appier.test.legacy.LegacyTest) ... ok
test_basic (appier.test.model.ModelTest) ... ok
test_count (appier.test.model.ModelTest) ... ok
test_delete (appier.test.model.ModelTest) ... ok
test_eager (appier.test.model.ModelTest) ... ok
test_exists (appier.test.model.ModelTest) ... ok
test_find (appier.test.model.ModelTest) ... ok
test_increment (appier.test.model.ModelTest) ... ok
test_map (appier.test.model.ModelTest) ... ok
test_meta (appier.test.model.ModelTest) ... ok
test_range (appier.test.model.ModelTest) ... ok
test_references (appier.test.model.ModelTest) ... ok
test_sort (appier.test.model.ModelTest) ... ok
test_validation (appier.test.model.ModelTest) ... ok
test_wrap (appier.test.model.ModelTest) ... ok
test_mock (appier.test.request.RequestTest) ... ok
test_csv (appier.test.serialize.SerializeTest) ... ok
test_expire (appier.test.session.SessionTest) ... ok
test_file (appier.test.session.SessionTest) ... ok
test_memory (appier.test.session.SessionTest) ... ok
test_transient (appier.test.session.SessionTest) ... ok
test_plain (appier.test.smtp.SmtpTest) ... ok
test_order (appier.test.structures.OrderedDictTest) ... ok
test_dumpall (appier.test.typesf.TypesfTest) ... ok
test_file (appier.test.typesf.TypesfTest) ... ok
test_reference (appier.test.typesf.TypesfTest) ... ok
test_references (appier.test.typesf.TypesfTest) ... ok
test_dict_merge (appier.test.util.UtilTest) ... ok
test_email_mime (appier.test.util.UtilTest) ... ok
test_email_parts (appier.test.util.UtilTest) ... ok
test_obfuscate (appier.test.util.UtilTest) ... ok
test_get_file (appier.test.http.HttpTest) ... ok
test_parse_url (appier.test.http.HttpTest) ... ok
test_redirect (appier.test.http.HttpTest) ... ERROR

======================================================================
ERROR: test_redirect (appier.test.http.HttpTest)
----------------------------------------------------------------------
Traceback (most recent call last):
  File "/home/travis/build/hivesolutions/appier/src/appier/http.py", line 434, in _resolve
    try: result = resolver(*args, **kwargs)
  File "/home/travis/build/hivesolutions/appier/src/appier/http.py", line 445, in _resolve_netius
    import netius.clients
ImportError: No module named netius.clients

During handling of the above exception, another exception occurred:

Traceback (most recent call last):
  File "/home/travis/build/hivesolutions/appier/src/appier/http.py", line 201, in _method
    result = method(*args, **kwargs)
  File "/home/travis/build/hivesolutions/appier/src/appier/http.py", line 228, in _get
    redirect = redirect
  File "/home/travis/build/hivesolutions/appier/src/appier/http.py", line 342, in _method_empty
    file = _resolve(url, name, headers, None, timeout)
  File "/home/travis/build/hivesolutions/appier/src/appier/http.py", line 435, in _resolve
    except ImportError: result = _resolve_legacy(*args, **kwargs)
  File "/home/travis/build/hivesolutions/appier/src/appier/http.py", line 442, in _resolve_legacy
    return opener.open(request, timeout = timeout)
  File "/opt/python/3.2.5/lib/python3.2/urllib/request.py", line 376, in open
    response = meth(req, response)
  File "/opt/python/3.2.5/lib/python3.2/urllib/request.py", line 488, in http_response
    'http', request, response, code, msg, hdrs)
  File "/opt/python/3.2.5/lib/python3.2/urllib/request.py", line 408, in error
    result = self._call_chain(*args)
  File "/opt/python/3.2.5/lib/python3.2/urllib/request.py", line 348, in _call_chain
    result = func(*args)
  File "/opt/python/3.2.5/lib/python3.2/urllib/request.py", line 593, in http_error_302
    return self.parent.open(new, timeout=req.timeout)
  File "/opt/python/3.2.5/lib/python3.2/urllib/request.py", line 376, in open
    response = meth(req, response)
  File "/opt/python/3.2.5/lib/python3.2/urllib/request.py", line 488, in http_response
    'http', request, response, code, msg, hdrs)
  File "/opt/python/3.2.5/lib/python3.2/urllib/request.py", line 414, in error
    return self._call_chain(*args)
  File "/opt/python/3.2.5/lib/python3.2/urllib/request.py", line 348, in _call_chain
    result = func(*args)
  File "/opt/python/3.2.5/lib/python3.2/urllib/request.py", line 496, in http_error_default
    raise HTTPError(req.full_url, code, msg, hdrs, fp)
urllib.error.HTTPError: HTTP Error 404: Not Found

During handling of the above exception, another exception occurred:

Traceback (most recent call last):
  File "/home/travis/build/hivesolutions/appier/src/appier/test/http.py", line 80, in test_redirect
    redirect = True
  File "/home/travis/build/hivesolutions/appier/src/appier/http.py", line 99, in get
    auth_callback = auth_callback
  File "/home/travis/build/hivesolutions/appier/src/appier/http.py", line 211, in _method
    raise exceptions.HTTPError(error, code)
  File "/home/travis/build/hivesolutions/appier/src/appier/exceptions.py", line 276, in __init__
    if extended == None: extended = common.is_devel()
  File "/home/travis/build/hivesolutions/appier/src/appier/common.py", line 53, in is_devel
    return base().is_devel()
  File "/home/travis/build/hivesolutions/appier/src/appier/base.py", line 3569, in is_devel
    return APP.is_devel()
  File "/home/travis/build/hivesolutions/appier/src/appier/base.py", line 2056, in is_devel
    return self.level < logging.INFO
TypeError: unorderable types: NoneType() < int()

----------------------------------------------------------------------
Ran 43 tests in 0.756s

FAILED (errors=1)

travis_time:end:155f6c10:start=1464701886445440493,finish=1464701887661710568,duration=1216270075[0K
[31;1mThe command "if [[ $TRAVIS_PYTHON_VERSION != "3.2" ]]; then coverage run --source=appier setup.py test; else python setup.py test; fi" exited with 1.[0m

Done. Your build exited with 1.
